// Jest Snapshot v1, https://goo.gl/fbAQLP

exports[`direct debit reducer tests should return the initial state 1`] = `
Object {
  "accountHolderConfirmation": false,
  "accountHolderName": "",
  "accountNumber": "",
  "formError": "",
  "isDDGuaranteeOpen": false,
  "isPopUpOpen": false,
  "phase": "entry",
  "sortCodeArray": Array [
    "",
    "",
    "",
  ],
}
`;
