// Jest Snapshot v1, https://goo.gl/fbAQLP

exports[`user reducer tests should return the initial state 1`] = `
Object {
  "displayName": "",
  "email": "",
  "firstName": "",
  "fullName": "",
  "gnmMarketing": false,
  "id": "",
  "isPostDeploymentTestUser": false,
  "isSignedIn": false,
  "isTestUser": null,
  "lastName": "",
  "stateField": "",
}
`;
