// Jest Snapshot v1, https://goo.gl/fbAQLP

exports[`The Stripe patrons data stack matches the snapshot 1`] = `
{
  "Metadata": {
    "gu:cdk:constructs": [
      "GuDistributionBucketParameter",
      "GuLambdaErrorPercentageAlarm",
      "GuApiGatewayWithLambdaByPath",
      "GuApiGateway5xxPercentageAlarm",
    ],
    "gu:cdk:version": "TEST",
  },
  "Outputs": {
    "RestApiEndpoint0551178A": {
      "Value": {
        "Fn::Join": [
          "",
          [
            "https://",
            {
              "Ref": "RestApi0C43BF4B",
            },
            ".execute-api.",
            {
              "Ref": "AWS::Region",
            },
            ".",
            {
              "Ref": "AWS::URLSuffix",
            },
            "/",
            {
              "Ref": "RestApiDeploymentStageprod3855DE66",
            },
            "/",
          ],
        ],
      },
    },
  },
  "Parameters": {
    "DistributionBucketName": {
      "Default": "/account/services/artifact.bucket",
      "Description": "SSM parameter containing the S3 bucket name holding distribution artifacts",
      "Type": "AWS::SSM::Parameter::Value<String>",
    },
  },
  "Resources": {
    "ApiGatewayHigh5xxPercentageAlarmExampleapigatewayinstance0B776A32": {
      "Properties": {
        "ActionsEnabled": true,
        "AlarmActions": [
          {
            "Fn::Join": [
              "",
              [
                "arn:aws:sns:",
                {
                  "Ref": "AWS::Region",
                },
                ":",
                {
                  "Ref": "AWS::AccountId",
                },
                ":my-topic-for-cloudwatch-alerts",
              ],
            ],
          },
        ],
        "AlarmDescription": "example-api-gateway-instance exceeded 1% error rate",
        "AlarmName": "High 5XX error % from example-api-gateway-instance (ApiGateway) in PROD",
        "ComparisonOperator": "GreaterThanThreshold",
        "EvaluationPeriods": 1,
        "Metrics": [
          {
            "Expression": "100*m1/m2",
            "Id": "expr_1",
            "Label": "% of 5XX responses served for example-api-gateway-instance",
          },
          {
            "Id": "m1",
            "MetricStat": {
              "Metric": {
                "Dimensions": [
                  {
                    "Name": "ApiName",
                    "Value": "support-PROD-example-api-gateway-instance",
                  },
                ],
                "MetricName": "5XXError",
                "Namespace": "AWS/ApiGateway",
              },
              "Period": 60,
              "Stat": "Sum",
            },
            "ReturnData": false,
          },
          {
            "Id": "m2",
            "MetricStat": {
              "Metric": {
                "Dimensions": [
                  {
                    "Name": "ApiName",
                    "Value": "support-PROD-example-api-gateway-instance",
                  },
                ],
                "MetricName": "Count",
                "Namespace": "AWS/ApiGateway",
              },
              "Period": 60,
              "Stat": "SampleCount",
            },
            "ReturnData": false,
          },
        ],
        "Threshold": 1,
        "TreatMissingData": "notBreaching",
      },
      "Type": "AWS::CloudWatch::Alarm",
    },
    "RestApi0C43BF4B": {
      "Properties": {
        "Name": "support-PROD-example-api-gateway-instance",
        "Tags": [
          {
            "Key": "gu:cdk:version",
            "Value": "TEST",
          },
          {
            "Key": "gu:repo",
            "Value": "guardian/support-frontend",
          },
          {
            "Key": "Stack",
            "Value": "support",
          },
          {
            "Key": "Stage",
            "Value": "PROD",
          },
        ],
      },
      "Type": "AWS::ApiGateway::RestApi",
    },
    "RestApiAccount7C83CF5A": {
      "DeletionPolicy": "Retain",
      "DependsOn": [
        "RestApi0C43BF4B",
      ],
      "Properties": {
        "CloudWatchRoleArn": {
          "Fn::GetAtt": [
            "RestApiCloudWatchRoleE3ED6605",
            "Arn",
          ],
        },
      },
      "Type": "AWS::ApiGateway::Account",
      "UpdateReplacePolicy": "Retain",
    },
    "RestApiCloudWatchRoleE3ED6605": {
      "DeletionPolicy": "Retain",
      "Properties": {
        "AssumeRolePolicyDocument": {
          "Statement": [
            {
              "Action": "sts:AssumeRole",
              "Effect": "Allow",
              "Principal": {
                "Service": "apigateway.amazonaws.com",
              },
            },
          ],
          "Version": "2012-10-17",
        },
        "ManagedPolicyArns": [
          {
            "Fn::Join": [
              "",
              [
                "arn:",
                {
                  "Ref": "AWS::Partition",
                },
                ":iam::aws:policy/service-role/AmazonAPIGatewayPushToCloudWatchLogs",
              ],
            ],
          },
        ],
        "Tags": [
          {
            "Key": "gu:cdk:version",
            "Value": "TEST",
          },
          {
            "Key": "gu:repo",
            "Value": "guardian/support-frontend",
          },
          {
            "Key": "Stack",
            "Value": "support",
          },
          {
            "Key": "Stage",
            "Value": "PROD",
          },
        ],
      },
      "Type": "AWS::IAM::Role",
      "UpdateReplacePolicy": "Retain",
    },
    "RestApiDeployment180EC5035777c64ff4f14d74070508947cff7b40": {
      "DependsOn": [
        "RestApipatron1DDE9314",
        "RestApipatronsubscriptioncancelcountryIdPOSTFA2082F3",
        "RestApipatronsubscriptioncancelcountryId57A3F9F4",
        "RestApipatronsubscriptioncancel0F56DD38",
        "RestApipatronsubscriptionAE58DC90",
      ],
      "Properties": {
        "Description": "Automatically created by the RestApi construct",
        "RestApiId": {
          "Ref": "RestApi0C43BF4B",
        },
      },
      "Type": "AWS::ApiGateway::Deployment",
    },
    "RestApiDeploymentStageprod3855DE66": {
      "DependsOn": [
        "RestApiAccount7C83CF5A",
      ],
      "Properties": {
        "DeploymentId": {
          "Ref": "RestApiDeployment180EC5035777c64ff4f14d74070508947cff7b40",
        },
        "RestApiId": {
          "Ref": "RestApi0C43BF4B",
        },
        "StageName": "prod",
        "Tags": [
          {
            "Key": "gu:cdk:version",
            "Value": "TEST",
          },
          {
            "Key": "gu:repo",
            "Value": "guardian/support-frontend",
          },
          {
            "Key": "Stack",
            "Value": "support",
          },
          {
            "Key": "Stage",
            "Value": "PROD",
          },
        ],
      },
      "Type": "AWS::ApiGateway::Stage",
    },
    "RestApipatron1DDE9314": {
      "Properties": {
        "ParentId": {
          "Fn::GetAtt": [
            "RestApi0C43BF4B",
            "RootResourceId",
          ],
        },
        "PathPart": "patron",
        "RestApiId": {
          "Ref": "RestApi0C43BF4B",
        },
      },
      "Type": "AWS::ApiGateway::Resource",
    },
    "RestApipatronsubscriptionAE58DC90": {
      "Properties": {
        "ParentId": {
          "Ref": "RestApipatron1DDE9314",
        },
        "PathPart": "subscription",
        "RestApiId": {
          "Ref": "RestApi0C43BF4B",
        },
      },
      "Type": "AWS::ApiGateway::Resource",
    },
    "RestApipatronsubscriptioncancel0F56DD38": {
      "Properties": {
        "ParentId": {
          "Ref": "RestApipatronsubscriptionAE58DC90",
        },
        "PathPart": "cancel",
        "RestApiId": {
          "Ref": "RestApi0C43BF4B",
        },
      },
      "Type": "AWS::ApiGateway::Resource",
    },
    "RestApipatronsubscriptioncancelcountryId57A3F9F4": {
      "Properties": {
        "ParentId": {
          "Ref": "RestApipatronsubscriptioncancel0F56DD38",
        },
        "PathPart": "{countryId}",
        "RestApiId": {
          "Ref": "RestApi0C43BF4B",
        },
      },
      "Type": "AWS::ApiGateway::Resource",
    },
    "RestApipatronsubscriptioncancelcountryIdPOSTApiPermissionStripePatronsDataPRODRestApi790D3BDCPOSTpatronsubscriptioncancelcountryId69A52814": {
      "Properties": {
        "Action": "lambda:InvokeFunction",
        "FunctionName": {
          "Fn::GetAtt": [
            "stripepatronsdatacancelled2E3CED96",
            "Arn",
          ],
        },
        "Principal": "apigateway.amazonaws.com",
        "SourceArn": {
          "Fn::Join": [
            "",
            [
              "arn:",
              {
                "Ref": "AWS::Partition",
              },
              ":execute-api:",
              {
                "Ref": "AWS::Region",
              },
              ":",
              {
                "Ref": "AWS::AccountId",
              },
              ":",
              {
                "Ref": "RestApi0C43BF4B",
              },
              "/",
              {
                "Ref": "RestApiDeploymentStageprod3855DE66",
              },
              "/POST/patron/subscription/cancel/*",
            ],
          ],
        },
      },
      "Type": "AWS::Lambda::Permission",
    },
    "RestApipatronsubscriptioncancelcountryIdPOSTApiPermissionTestStripePatronsDataPRODRestApi790D3BDCPOSTpatronsubscriptioncancelcountryId414EED6A": {
      "Properties": {
        "Action": "lambda:InvokeFunction",
        "FunctionName": {
          "Fn::GetAtt": [
            "stripepatronsdatacancelled2E3CED96",
            "Arn",
          ],
        },
        "Principal": "apigateway.amazonaws.com",
        "SourceArn": {
          "Fn::Join": [
            "",
            [
              "arn:",
              {
                "Ref": "AWS::Partition",
              },
              ":execute-api:",
              {
                "Ref": "AWS::Region",
              },
              ":",
              {
                "Ref": "AWS::AccountId",
              },
              ":",
              {
                "Ref": "RestApi0C43BF4B",
              },
              "/test-invoke-stage/POST/patron/subscription/cancel/*",
            ],
          ],
        },
      },
      "Type": "AWS::Lambda::Permission",
    },
    "RestApipatronsubscriptioncancelcountryIdPOSTFA2082F3": {
      "Properties": {
        "AuthorizationType": "NONE",
        "HttpMethod": "POST",
        "Integration": {
          "IntegrationHttpMethod": "POST",
          "Type": "AWS_PROXY",
          "Uri": {
            "Fn::Join": [
              "",
              [
                "arn:",
                {
                  "Ref": "AWS::Partition",
                },
                ":apigateway:",
                {
                  "Ref": "AWS::Region",
                },
                ":lambda:path/2015-03-31/functions/",
                {
                  "Fn::GetAtt": [
                    "stripepatronsdatacancelled2E3CED96",
                    "Arn",
                  ],
                },
                "/invocations",
              ],
            ],
          },
        },
        "ResourceId": {
          "Ref": "RestApipatronsubscriptioncancelcountryId57A3F9F4",
        },
        "RestApiId": {
          "Ref": "RestApi0C43BF4B",
        },
      },
      "Type": "AWS::ApiGateway::Method",
    },
    "StripePatronsDataPROD61F45521": {
      "DependsOn": [
        "StripePatronsDataPRODServiceRoleDefaultPolicy91A6C2F5",
        "StripePatronsDataPRODServiceRoleF56253CB",
      ],
      "Properties": {
        "Code": {
          "S3Bucket": {
            "Ref": "DistributionBucketName",
          },
          "S3Key": "support/PROD/stripe-patrons-data/stripe-patrons-data.jar",
        },
        "Environment": {
          "Variables": {
            "APP": "stripe-patrons-data",
            "STACK": "support",
            "STAGE": "PROD",
          },
        },
        "FunctionName": "stripe-patrons-data-PROD",
        "Handler": "com.gu.patrons.lambdas.ProcessStripeSubscriptionsLambda::handleRequest",
        "MemorySize": 1024,
        "Role": {
          "Fn::GetAtt": [
            "StripePatronsDataPRODServiceRoleF56253CB",
            "Arn",
          ],
        },
        "Runtime": "java11",
        "Tags": [
          {
            "Key": "App",
            "Value": "stripe-patrons-data",
          },
          {
            "Key": "gu:cdk:version",
            "Value": "TEST",
          },
          {
            "Key": "gu:repo",
            "Value": "guardian/support-frontend",
          },
          {
            "Key": "Stack",
            "Value": "support",
          },
          {
            "Key": "Stage",
            "Value": "PROD",
          },
        ],
        "Timeout": 900,
      },
      "Type": "AWS::Lambda::Function",
    },
    "StripePatronsDataPRODErrorPercentageAlarmForLambda610D37CA": {
      "Properties": {
        "ActionsEnabled": true,
        "AlarmActions": [
          {
            "Fn::Join": [
              "",
              [
                "arn:aws:sns:",
                {
                  "Ref": "AWS::Region",
                },
                ":",
                {
                  "Ref": "AWS::AccountId",
                },
                ":reader-revenue-dev",
              ],
            ],
          },
        ],
        "AlarmDescription": "Triggers if there are errors from stripe-patrons-data on PROD",
        "AlarmName": "stripe-patrons-data-PROD-ErrorAlarm",
        "ComparisonOperator": "GreaterThanThreshold",
        "EvaluationPeriods": 46,
        "Metrics": [
          {
            "Expression": "100*m1/m2",
            "Id": "expr_1",
            "Label": {
              "Fn::Join": [
                "",
                [
                  "Error % of ",
                  {
                    "Ref": "StripePatronsDataPROD61F45521",
                  },
                ],
              ],
            },
          },
          {
            "Id": "m1",
            "MetricStat": {
              "Metric": {
                "Dimensions": [
                  {
                    "Name": "FunctionName",
                    "Value": {
                      "Ref": "StripePatronsDataPROD61F45521",
                    },
                  },
                ],
                "MetricName": "Errors",
                "Namespace": "AWS/Lambda",
              },
              "Period": 60,
              "Stat": "Sum",
            },
            "ReturnData": false,
          },
          {
            "Id": "m2",
            "MetricStat": {
              "Metric": {
                "Dimensions": [
                  {
                    "Name": "FunctionName",
                    "Value": {
                      "Ref": "StripePatronsDataPROD61F45521",
                    },
                  },
                ],
                "MetricName": "Invocations",
                "Namespace": "AWS/Lambda",
              },
              "Period": 60,
              "Stat": "Sum",
            },
            "ReturnData": false,
          },
        ],
        "Threshold": 1,
        "TreatMissingData": "notBreaching",
      },
      "Type": "AWS::CloudWatch::Alarm",
    },
    "StripePatronsDataPRODServiceRoleDefaultPolicy91A6C2F5": {
      "Properties": {
        "PolicyDocument": {
          "Statement": [
            {
              "Action": [
                "s3:GetObject*",
                "s3:GetBucket*",
                "s3:List*",
              ],
              "Effect": "Allow",
              "Resource": [
                {
                  "Fn::Join": [
                    "",
                    [
                      "arn:",
                      {
                        "Ref": "AWS::Partition",
                      },
                      ":s3:::",
                      {
                        "Ref": "DistributionBucketName",
                      },
                    ],
                  ],
                },
                {
                  "Fn::Join": [
                    "",
                    [
                      "arn:",
                      {
                        "Ref": "AWS::Partition",
                      },
                      ":s3:::",
                      {
                        "Ref": "DistributionBucketName",
                      },
                      "/support/PROD/stripe-patrons-data/stripe-patrons-data.jar",
                    ],
                  ],
                },
              ],
            },
            {
              "Action": "ssm:GetParametersByPath",
              "Effect": "Allow",
              "Resource": {
                "Fn::Join": [
                  "",
                  [
                    "arn:aws:ssm:",
                    {
                      "Ref": "AWS::Region",
                    },
                    ":",
                    {
                      "Ref": "AWS::AccountId",
                    },
                    ":parameter/PROD/support/stripe-patrons-data",
                  ],
                ],
              },
            },
            {
              "Action": [
                "ssm:GetParameters",
                "ssm:GetParameter",
              ],
              "Effect": "Allow",
              "Resource": {
                "Fn::Join": [
                  "",
                  [
                    "arn:aws:ssm:",
                    {
                      "Ref": "AWS::Region",
                    },
                    ":",
                    {
                      "Ref": "AWS::AccountId",
                    },
                    ":parameter/PROD/support/stripe-patrons-data/*",
                  ],
                ],
              },
            },
            {
              "Action": "ssm:GetParametersByPath",
              "Effect": "Allow",
              "Resource": {
                "Fn::Join": [
                  "",
                  [
                    "arn:aws:ssm:",
                    {
                      "Ref": "AWS::Region",
                    },
                    ":",
                    {
                      "Ref": "AWS::AccountId",
                    },
                    ":parameter/PROD/support/stripe-patrons-data/*",
                  ],
                ],
              },
            },
            {
              "Action": [
                "dynamodb:GetItem",
                "dynamodb:Scan",
                "dynamodb:UpdateItem",
                "dynamodb:DeleteItem",
                "dynamodb:Query",
                "dynamodb:DescribeTable",
              ],
              "Effect": "Allow",
              "Resource": "arn:aws:dynamodb:*:*:table/SupporterProductData-PROD",
            },
          ],
          "Version": "2012-10-17",
        },
        "PolicyName": "StripePatronsDataPRODServiceRoleDefaultPolicy91A6C2F5",
        "Roles": [
          {
            "Ref": "StripePatronsDataPRODServiceRoleF56253CB",
          },
        ],
      },
      "Type": "AWS::IAM::Policy",
    },
    "StripePatronsDataPRODServiceRoleF56253CB": {
      "Properties": {
        "AssumeRolePolicyDocument": {
          "Statement": [
            {
              "Action": "sts:AssumeRole",
              "Effect": "Allow",
              "Principal": {
                "Service": "lambda.amazonaws.com",
              },
            },
          ],
          "Version": "2012-10-17",
        },
        "ManagedPolicyArns": [
          {
            "Fn::Join": [
              "",
              [
                "arn:",
                {
                  "Ref": "AWS::Partition",
                },
                ":iam::aws:policy/service-role/AWSLambdaBasicExecutionRole",
              ],
            ],
          },
        ],
        "Tags": [
          {
            "Key": "App",
            "Value": "stripe-patrons-data",
          },
          {
            "Key": "gu:cdk:version",
            "Value": "TEST",
          },
          {
            "Key": "gu:repo",
            "Value": "guardian/support-frontend",
          },
          {
            "Key": "Stack",
            "Value": "support",
          },
          {
            "Key": "Stage",
            "Value": "PROD",
          },
        ],
      },
      "Type": "AWS::IAM::Role",
    },
    "StripePatronsDataPRODStripePatronsDataPRODrate15minutes0115BF571": {
      "Properties": {
        "ScheduleExpression": "rate(15 minutes)",
        "State": "ENABLED",
        "Targets": [
          {
            "Arn": {
              "Fn::GetAtt": [
                "StripePatronsDataPROD61F45521",
                "Arn",
              ],
            },
            "Id": "Target0",
          },
        ],
      },
      "Type": "AWS::Events::Rule",
    },
    "StripePatronsDataPRODStripePatronsDataPRODrate15minutes0AllowEventRuleStripePatronsDataPRODBF7BDE5FC0DAF728": {
      "Properties": {
        "Action": "lambda:InvokeFunction",
        "FunctionName": {
          "Fn::GetAtt": [
            "StripePatronsDataPROD61F45521",
            "Arn",
          ],
        },
        "Principal": "events.amazonaws.com",
        "SourceArn": {
          "Fn::GetAtt": [
            "StripePatronsDataPRODStripePatronsDataPRODrate15minutes0115BF571",
            "Arn",
          ],
        },
      },
      "Type": "AWS::Lambda::Permission",
    },
    "stripepatronsdatacancelled2E3CED96": {
      "DependsOn": [
        "stripepatronsdatacancelledServiceRoleDefaultPolicy46825C35",
        "stripepatronsdatacancelledServiceRole157E3052",
      ],
      "Properties": {
        "Code": {
          "S3Bucket": {
            "Ref": "DistributionBucketName",
          },
          "S3Key": "support/PROD/stripe-patrons-data/stripe-patrons-data.jar",
        },
        "Environment": {
          "Variables": {
            "APP": "stripe-patrons-data",
            "STACK": "support",
            "STAGE": "PROD",
          },
        },
        "FunctionName": "stripe-patrons-data-cancelled-PROD",
        "Handler": "com.gu.patrons.lambdas.PatronCancelledEventLambda::handleRequest",
        "MemorySize": 1024,
        "Role": {
          "Fn::GetAtt": [
            "stripepatronsdatacancelledServiceRole157E3052",
            "Arn",
          ],
        },
        "Runtime": "java11",
        "Tags": [
          {
            "Key": "App",
            "Value": "stripe-patrons-data",
          },
          {
            "Key": "gu:cdk:version",
            "Value": "TEST",
          },
          {
            "Key": "gu:repo",
            "Value": "guardian/support-frontend",
          },
          {
            "Key": "Stack",
            "Value": "support",
          },
          {
            "Key": "Stage",
            "Value": "PROD",
          },
        ],
        "Timeout": 900,
      },
      "Type": "AWS::Lambda::Function",
    },
    "stripepatronsdatacancelledServiceRole157E3052": {
      "Properties": {
        "AssumeRolePolicyDocument": {
          "Statement": [
            {
              "Action": "sts:AssumeRole",
              "Effect": "Allow",
              "Principal": {
                "Service": "lambda.amazonaws.com",
              },
            },
          ],
          "Version": "2012-10-17",
        },
        "ManagedPolicyArns": [
          {
            "Fn::Join": [
              "",
              [
                "arn:",
                {
                  "Ref": "AWS::Partition",
                },
                ":iam::aws:policy/service-role/AWSLambdaBasicExecutionRole",
              ],
            ],
          },
        ],
        "Tags": [
          {
            "Key": "App",
            "Value": "stripe-patrons-data",
          },
          {
            "Key": "gu:cdk:version",
            "Value": "TEST",
          },
          {
            "Key": "gu:repo",
            "Value": "guardian/support-frontend",
          },
          {
            "Key": "Stack",
            "Value": "support",
          },
          {
            "Key": "Stage",
            "Value": "PROD",
          },
        ],
      },
      "Type": "AWS::IAM::Role",
    },
    "stripepatronsdatacancelledServiceRoleDefaultPolicy46825C35": {
      "Properties": {
        "PolicyDocument": {
          "Statement": [
            {
              "Action": [
                "s3:GetObject*",
                "s3:GetBucket*",
                "s3:List*",
              ],
              "Effect": "Allow",
              "Resource": [
                {
                  "Fn::Join": [
                    "",
                    [
                      "arn:",
                      {
                        "Ref": "AWS::Partition",
                      },
                      ":s3:::",
                      {
                        "Ref": "DistributionBucketName",
                      },
                    ],
                  ],
                },
                {
                  "Fn::Join": [
                    "",
                    [
                      "arn:",
                      {
                        "Ref": "AWS::Partition",
                      },
                      ":s3:::",
                      {
                        "Ref": "DistributionBucketName",
                      },
                      "/support/PROD/stripe-patrons-data/stripe-patrons-data.jar",
                    ],
                  ],
                },
              ],
            },
            {
              "Action": "ssm:GetParametersByPath",
              "Effect": "Allow",
              "Resource": {
                "Fn::Join": [
                  "",
                  [
                    "arn:aws:ssm:",
                    {
                      "Ref": "AWS::Region",
                    },
                    ":",
                    {
                      "Ref": "AWS::AccountId",
                    },
                    ":parameter/PROD/support/stripe-patrons-data",
                  ],
                ],
              },
            },
            {
              "Action": [
                "ssm:GetParameters",
                "ssm:GetParameter",
              ],
              "Effect": "Allow",
              "Resource": {
                "Fn::Join": [
                  "",
                  [
                    "arn:aws:ssm:",
                    {
                      "Ref": "AWS::Region",
                    },
                    ":",
                    {
                      "Ref": "AWS::AccountId",
                    },
                    ":parameter/PROD/support/stripe-patrons-data/*",
                  ],
                ],
              },
            },
          ],
          "Version": "2012-10-17",
        },
        "PolicyName": "stripepatronsdatacancelledServiceRoleDefaultPolicy46825C35",
        "Roles": [
          {
            "Ref": "stripepatronsdatacancelledServiceRole157E3052",
          },
        ],
      },
      "Type": "AWS::IAM::Policy",
    },
  },
}
`;
