// Jest Snapshot v1, https://goo.gl/fbAQLP

exports[`reducer tests should handle SET_COUNTRY to US 1`] = `null`;

exports[`reducer tests should handle SET_COUNTRY to US 2`] = `"dummy_campaign"`;

exports[`reducer tests should handle SET_COUNTRY to US 3`] = `null`;

exports[`reducer tests should handle SET_COUNTRY to US 4`] = `Object {}`;

exports[`reducer tests should return the initial state 1`] = `
Object {
  "abParticipations": Object {},
  "campaign": "dummy_campaign",
  "internationalisation": Object {
    "countryGroupId": "GBPCountries",
    "countryId": "GB",
    "currencyId": "GBP",
  },
  "optimizeExperiments": Object {},
  "otherQueryParams": Array [],
  "referrerAcquisitionData": Object {
    "abTests": Array [],
    "campaignCode": null,
    "componentId": null,
    "componentType": null,
    "queryParameters": Array [],
    "referrerPageviewId": null,
    "source": null,
  },
  "settings": Object {
    "switches": Object {},
  },
}
`;
