// Jest Snapshot v1, https://goo.gl/fbAQLP

exports[`One-off Reducer should handle SET_PAYPAL_BUTTON 1`] = `null`;

exports[`One-off Reducer should return the initial state 1`] = `
Object {
  "checkoutForm": Object {
    "email": Object {
      "pattern": /\\^\\[a-zA-Z0-9\\.!#\\$%&'\\*\\+\\\\/=\\?\\^_\`\\{\\|\\}~-\\]\\+@\\[a-zA-Z0-9\\]\\(\\?:\\[a-zA-Z0-9-\\]\\{0,61\\}\\[a-zA-Z0-9\\]\\)\\?\\(\\?:\\\\\\.\\[a-zA-Z0-9\\]\\(\\?:\\[a-zA-Z0-9-\\]\\{0,61\\}\\[a-zA-Z0-9\\]\\)\\?\\)\\+\\$/,
      "required": true,
      "shouldValidate": false,
    },
    "fullName": Object {
      "pattern": /\\.\\*/,
      "required": true,
      "shouldValidate": false,
    },
  },
  "csrf": Object {
    "token": null,
  },
  "marketingConsent": Object {
    "confirmOptIn": null,
    "error": false,
  },
  "oneoffContrib": Object {
    "amount": 20,
    "error": null,
    "paymentComplete": false,
  },
  "user": Object {
    "displayName": "",
    "email": "",
    "firstName": "",
    "fullName": "",
    "gnmMarketing": false,
    "id": "",
    "isPostDeploymentTestUser": false,
    "isSignedIn": false,
    "isTestUser": null,
    "lastName": "",
  },
}
`;
