// Jest Snapshot v1, https://goo.gl/fbAQLP

exports[`user reducer tests should return the initial state 1`] = `
Object {
  "email": Object {
    "shouldValidate": false,
  },
  "firstName": Object {
    "shouldValidate": false,
  },
  "lastName": Object {
    "shouldValidate": false,
  },
  "stage": "checkout",
}
`;
